Training 5,046,272/601,096,192 parameters (0.84%)
Validation 4/4392 examples
Validation 404/4392 examples
Validation 804/4392 examples
Validation 1204/4392 examples
Validation 1604/4392 examples
Validation 2004/4392 examples
Validation 2404/4392 examples
Validation 2804/4392 examples
Validation 3204/4392 examples
Validation 3604/4392 examples
Validation 4004/4392 examples
Validation 4392/4392 examples
Initial held-out completion loss: 1.1380
Epoch 1/3 step 1, examples 16, loss 1.4275, peak 1.64 GiB, reserved 1.72 GiB
Epoch 1/3 step 6, examples 96, loss 1.0275, peak 1.78 GiB, reserved 1.97 GiB
Epoch 1/3 step 11, examples 176, loss 1.2194, peak 1.78 GiB, reserved 1.97 GiB
Epoch 1/3 step 16, examples 256, loss 0.6936, peak 1.78 GiB, reserved 1.97 GiB
Epoch 1/3 step 21, examples 336, loss 0.5761, peak 1.78 GiB, reserved 1.97 GiB
Epoch 1/3 step 26, examples 416, loss 0.6036, peak 1.80 GiB, reserved 1.97 GiB
Epoch 1/3 step 31, examples 496, loss 0.2737, peak 1.80 GiB, reserved 1.97 GiB
Epoch 1/3 step 36, examples 576, loss 0.3939, peak 1.80 GiB, reserved 1.97 GiB
Epoch 1/3 step 41, examples 656, loss 0.1162, peak 1.80 GiB, reserved 1.97 GiB
Epoch 1/3 step 46, examples 736, loss 0.1500, peak 1.80 GiB, reserved 1.97 GiB
Epoch 1/3 step 51, examples 816, loss 0.1640, peak 1.80 GiB, reserved 1.97 GiB
Epoch 1/3 step 56, examples 896, loss 0.0475, peak 1.80 GiB, reserved 1.97 GiB
Epoch 1/3 step 61, examples 976, loss 0.1036, peak 1.80 GiB, reserved 1.99 GiB
Epoch 1/3 step 66, examples 1056, loss 0.0780, peak 1.80 GiB, reserved 1.99 GiB
Epoch 1/3 step 71, examples 1136, loss 0.1165, peak 1.80 GiB, reserved 1.99 GiB
Epoch 1/3 step 76, examples 1216, loss 0.0371, peak 1.80 GiB, reserved 1.99 GiB
Epoch 1/3 step 81, examples 1296, loss 0.0405, peak 1.80 GiB, reserved 1.99 GiB
Epoch 1/3 step 86, examples 1376, loss 0.1176, peak 1.80 GiB, reserved 1.99 GiB
Epoch 1/3 step 91, examples 1456, loss 0.0551, peak 1.80 GiB, reserved 1.99 GiB
Epoch 1/3 step 96, examples 1536, loss 0.0456, peak 1.80 GiB, reserved 1.99 GiB
Epoch 1/3 step 101, examples 1616, loss 0.1768, peak 1.80 GiB, reserved 1.99 GiB
Epoch 1/3 step 106, examples 1696, loss 0.0614, peak 1.80 GiB, reserved 1.99 GiB
Epoch 1/3 step 111, examples 1776, loss 0.0260, peak 1.80 GiB, reserved 1.99 GiB
Epoch 1/3 step 116, examples 1856, loss 0.0763, peak 1.80 GiB, reserved 1.99 GiB
Epoch 1/3 step 121, examples 1936, loss 0.0240, peak 1.80 GiB, reserved 1.99 GiB
Epoch 1/3 step 126, examples 2016, loss 0.0222, peak 1.80 GiB, reserved 1.99 GiB
Epoch 1/3 step 131, examples 2096, loss 0.0225, peak 1.80 GiB, reserved 1.99 GiB
Epoch 1/3 step 136, examples 2176, loss 0.0082, peak 1.80 GiB, reserved 1.99 GiB
Epoch 1/3 step 141, examples 2256, loss 0.0154, peak 1.80 GiB, reserved 1.99 GiB
Epoch 1/3 step 146, examples 2336, loss 0.0046, peak 1.80 GiB, reserved 1.99 GiB
Epoch 1/3 step 151, examples 2416, loss 0.0427, peak 1.80 GiB, reserved 1.99 GiB
Epoch 1/3 step 156, examples 2496, loss 0.0027, peak 1.80 GiB, reserved 1.99 GiB
Epoch 1/3 step 161, examples 2576, loss 0.0617, peak 1.80 GiB, reserved 1.99 GiB
Epoch 1/3 step 166, examples 2656, loss 0.1625, peak 1.80 GiB, reserved 1.99 GiB
Epoch 1/3 step 171, examples 2736, loss 0.0265, peak 1.80 GiB, reserved 1.99 GiB
Epoch 1/3 step 176, examples 2816, loss 0.0113, peak 1.80 GiB, reserved 1.99 GiB
Epoch 1/3 step 181, examples 2896, loss 0.0473, peak 1.80 GiB, reserved 1.99 GiB
Epoch 1/3 step 186, examples 2976, loss 0.0039, peak 1.80 GiB, reserved 1.99 GiB
Epoch 1/3 step 191, examples 3056, loss 0.0203, peak 1.80 GiB, reserved 1.99 GiB
Epoch 1/3 step 196, examples 3136, loss 0.0091, peak 1.80 GiB, reserved 1.99 GiB
Epoch 1/3 step 201, examples 3216, loss 0.0071, peak 1.80 GiB, reserved 1.99 GiB
Epoch 1/3 step 206, examples 3296, loss 0.0038, peak 1.80 GiB, reserved 1.99 GiB
Epoch 1/3 step 211, examples 3376, loss 0.0311, peak 1.80 GiB, reserved 1.99 GiB
Epoch 1/3 step 216, examples 3456, loss 0.0197, peak 1.80 GiB, reserved 1.99 GiB
Epoch 1/3 step 221, examples 3536, loss 0.0024, peak 1.80 GiB, reserved 1.99 GiB
Epoch 1/3 step 226, examples 3616, loss 0.0458, peak 1.81 GiB, reserved 1.99 GiB
Epoch 1/3 step 231, examples 3696, loss 0.0205, peak 1.81 GiB, reserved 1.99 GiB
Epoch 1/3 step 236, examples 3776, loss 0.0280, peak 1.81 GiB, reserved 1.99 GiB
Epoch 1/3 step 241, examples 3856, loss 0.0020, peak 1.81 GiB, reserved 1.99 GiB
Epoch 1/3 step 246, examples 3936, loss 0.0111, peak 1.81 GiB, reserved 1.99 GiB
Epoch 1/3 step 251, examples 4016, loss 0.0056, peak 1.81 GiB, reserved 1.99 GiB
Epoch 1/3 step 256, examples 4096, loss 0.0611, peak 1.81 GiB, reserved 1.99 GiB
Epoch 1/3 step 261, examples 4176, loss 0.0023, peak 1.81 GiB, reserved 1.99 GiB
Epoch 1/3 step 266, examples 4256, loss 0.0601, peak 1.81 GiB, reserved 1.99 GiB
Epoch 1/3 step 271, examples 4336, loss 0.0358, peak 1.81 GiB, reserved 1.99 GiB
Epoch 1/3 step 276, examples 4416, loss 0.0119, peak 1.81 GiB, reserved 1.99 GiB
Epoch 1/3 step 281, examples 4496, loss 0.0012, peak 1.81 GiB, reserved 1.99 GiB
Epoch 1/3 step 286, examples 4576, loss 0.0011, peak 1.81 GiB, reserved 1.99 GiB
Epoch 1/3 step 291, examples 4656, loss 0.0614, peak 1.81 GiB, reserved 1.99 GiB
Epoch 1/3 step 296, examples 4736, loss 0.0008, peak 1.81 GiB, reserved 1.99 GiB
Epoch 1/3 step 301, examples 4816, loss 0.0149, peak 1.81 GiB, reserved 1.99 GiB
Epoch 1/3 step 306, examples 4896, loss 0.0009, peak 1.81 GiB, reserved 1.99 GiB
Epoch 1/3 step 311, examples 4976, loss 0.0041, peak 1.81 GiB, reserved 1.99 GiB
Epoch 1/3 step 316, examples 5056, loss 0.0010, peak 1.81 GiB, reserved 1.99 GiB
Epoch 1/3 step 321, examples 5136, loss 0.0057, peak 1.81 GiB, reserved 1.99 GiB
Epoch 1/3 step 326, examples 5216, loss 0.0562, peak 1.81 GiB, reserved 1.99 GiB
Epoch 1/3 step 331, examples 5296, loss 0.0006, peak 1.81 GiB, reserved 1.99 GiB
Epoch 1/3 step 336, examples 5376, loss 0.0010, peak 1.81 GiB, reserved 1.99 GiB
Epoch 1/3 step 341, examples 5456, loss 0.0009, peak 1.81 GiB, reserved 1.99 GiB
Epoch 1/3 step 346, examples 5536, loss 0.0046, peak 1.81 GiB, reserved 1.99 GiB
Epoch 1/3 step 351, examples 5616, loss 0.0010, peak 1.81 GiB, reserved 1.99 GiB
Epoch 1/3 step 356, examples 5696, loss 0.0078, peak 1.81 GiB, reserved 1.99 GiB
Epoch 1/3 step 361, examples 5776, loss 0.0004, peak 1.81 GiB, reserved 1.99 GiB
Epoch 1/3 step 366, examples 5856, loss 0.0598, peak 1.81 GiB, reserved 1.99 GiB
Epoch 1/3 step 371, examples 5936, loss 0.0007, peak 1.81 GiB, reserved 1.99 GiB
Epoch 1/3 step 376, examples 6016, loss 0.0307, peak 1.81 GiB, reserved 1.99 GiB
Epoch 1/3 step 381, examples 6096, loss 0.0013, peak 1.81 GiB, reserved 1.99 GiB
Epoch 1/3 step 386, examples 6176, loss 0.0614, peak 1.81 GiB, reserved 1.99 GiB
Epoch 1/3 step 391, examples 6256, loss 0.0039, peak 1.81 GiB, reserved 1.99 GiB
Epoch 1/3 step 396, examples 6336, loss 0.0113, peak 1.81 GiB, reserved 1.99 GiB
Epoch 1/3 step 401, examples 6416, loss 0.0009, peak 1.81 GiB, reserved 1.99 GiB
Epoch 1/3 step 406, examples 6496, loss 0.0019, peak 1.81 GiB, reserved 1.99 GiB
Epoch 1/3 step 411, examples 6576, loss 0.0192, peak 1.81 GiB, reserved 1.99 GiB
Epoch 1/3 step 416, examples 6656, loss 0.0066, peak 1.81 GiB, reserved 1.99 GiB
Epoch 1/3 step 421, examples 6736, loss 0.0004, peak 1.81 GiB, reserved 1.99 GiB
Epoch 1/3 step 426, examples 6816, loss 0.0239, peak 1.81 GiB, reserved 1.99 GiB
Epoch 1/3 step 431, examples 6896, loss 0.0004, peak 1.81 GiB, reserved 1.99 GiB
Epoch 1/3 step 436, examples 6976, loss 0.0005, peak 1.81 GiB, reserved 1.99 GiB
Epoch 1/3 step 441, examples 7056, loss 0.0448, peak 1.81 GiB, reserved 1.99 GiB
Epoch 1/3 step 446, examples 7136, loss 0.0024, peak 1.81 GiB, reserved 1.99 GiB
Epoch 1/3 step 451, examples 7216, loss 0.0012, peak 1.81 GiB, reserved 1.99 GiB
Epoch 1/3 step 456, examples 7296, loss 0.0187, peak 1.81 GiB, reserved 1.99 GiB
Epoch 1/3 step 461, examples 7376, loss 0.0408, peak 1.81 GiB, reserved 1.99 GiB
Epoch 1/3 step 466, examples 7456, loss 0.0011, peak 1.81 GiB, reserved 1.99 GiB
Epoch 1/3 step 471, examples 7536, loss 0.0217, peak 1.81 GiB, reserved 1.99 GiB
Epoch 1/3 step 476, examples 7616, loss 0.0003, peak 1.81 GiB, reserved 1.99 GiB
Epoch 1/3 step 481, examples 7696, loss 0.0157, peak 1.81 GiB, reserved 1.99 GiB
Epoch 1/3 step 486, examples 7776, loss 0.0058, peak 1.81 GiB, reserved 1.99 GiB
Epoch 1/3 step 491, examples 7856, loss 0.0010, peak 1.81 GiB, reserved 1.99 GiB
Epoch 1/3 step 496, examples 7936, loss 0.0484, peak 1.81 GiB, reserved 1.99 GiB
Epoch 1/3 step 501, examples 8016, loss 0.0328, peak 1.81 GiB, reserved 1.99 GiB
Epoch 1/3 step 506, examples 8096, loss 0.0785, peak 1.81 GiB, reserved 1.99 GiB
Epoch 1/3 step 511, examples 8176, loss 0.0002, peak 1.81 GiB, reserved 1.99 GiB
Epoch 1/3 step 516, examples 8256, loss 0.0462, peak 1.81 GiB, reserved 1.99 GiB
Epoch 1/3 step 521, examples 8336, loss 0.0364, peak 1.81 GiB, reserved 1.99 GiB
Epoch 1/3 step 526, examples 8416, loss 0.0502, peak 1.81 GiB, reserved 1.99 GiB
Epoch 1/3 step 531, examples 8496, loss 0.0003, peak 1.81 GiB, reserved 1.99 GiB
Epoch 1/3 step 536, examples 8576, loss 0.0003, peak 1.81 GiB, reserved 1.99 GiB
Epoch 1/3 step 541, examples 8656, loss 0.0003, peak 1.81 GiB, reserved 2.01 GiB
Epoch 1/3 step 546, examples 8736, loss 0.0078, peak 1.81 GiB, reserved 2.01 GiB
Epoch 1/3 step 551, examples 8816, loss 0.0064, peak 1.81 GiB, reserved 2.01 GiB
Epoch 1/3 step 556, examples 8896, loss 0.0002, peak 1.81 GiB, reserved 2.01 GiB
Epoch 1/3 step 561, examples 8976, loss 0.0675, peak 1.81 GiB, reserved 2.01 GiB
Epoch 1/3 step 566, examples 9056, loss 0.0002, peak 1.81 GiB, reserved 2.01 GiB
Epoch 1/3 step 571, examples 9136, loss 0.0170, peak 1.81 GiB, reserved 2.01 GiB
Epoch 1/3 step 576, examples 9216, loss 0.0020, peak 1.81 GiB, reserved 2.01 GiB
Epoch 1/3 step 581, examples 9296, loss 0.0005, peak 1.81 GiB, reserved 2.01 GiB
Epoch 1/3 step 586, examples 9376, loss 0.0004, peak 1.81 GiB, reserved 2.01 GiB
Epoch 1/3 step 591, examples 9456, loss 0.0011, peak 1.81 GiB, reserved 2.01 GiB
Epoch 1/3 step 596, examples 9536, loss 0.0166, peak 1.81 GiB, reserved 2.01 GiB
Epoch 1/3 step 601, examples 9616, loss 0.0004, peak 1.81 GiB, reserved 2.01 GiB
Epoch 1/3 step 606, examples 9696, loss 0.0384, peak 1.81 GiB, reserved 2.01 GiB
Epoch 1/3 step 611, examples 9776, loss 0.0140, peak 1.81 GiB, reserved 2.01 GiB
Epoch 1/3 step 616, examples 9856, loss 0.0008, peak 1.81 GiB, reserved 2.01 GiB
Epoch 1/3 step 621, examples 9936, loss 0.0123, peak 1.81 GiB, reserved 2.01 GiB
Epoch 1/3 step 626, examples 10016, loss 0.0055, peak 1.81 GiB, reserved 2.01 GiB
Epoch 1/3 step 631, examples 10096, loss 0.0088, peak 1.81 GiB, reserved 2.01 GiB
Epoch 1/3 step 636, examples 10176, loss 0.0003, peak 1.81 GiB, reserved 2.01 GiB
Epoch 1/3 step 641, examples 10256, loss 0.0147, peak 1.81 GiB, reserved 2.01 GiB
Epoch 1/3 step 646, examples 10336, loss 0.0189, peak 1.81 GiB, reserved 2.01 GiB
Epoch 1/3 step 651, examples 10416, loss 0.0271, peak 1.81 GiB, reserved 2.01 GiB
Epoch 1/3 step 656, examples 10496, loss 0.0087, peak 1.81 GiB, reserved 2.01 GiB
Epoch 1/3 step 661, examples 10576, loss 0.0033, peak 1.81 GiB, reserved 2.01 GiB
Epoch 1/3 step 666, examples 10656, loss 0.0021, peak 1.81 GiB, reserved 2.01 GiB
Epoch 1/3 step 671, examples 10736, loss 0.0245, peak 1.81 GiB, reserved 2.01 GiB
Epoch 1/3 step 676, examples 10816, loss 0.0302, peak 1.81 GiB, reserved 2.01 GiB
Epoch 1/3 step 681, examples 10896, loss 0.0007, peak 1.81 GiB, reserved 2.01 GiB
Epoch 1/3 step 686, examples 10976, loss 0.0272, peak 1.81 GiB, reserved 2.01 GiB
Epoch 1/3 step 691, examples 11056, loss 0.0104, peak 1.81 GiB, reserved 2.01 GiB
Epoch 1/3 step 696, examples 11136, loss 0.0259, peak 1.81 GiB, reserved 2.01 GiB
Epoch 1/3 step 701, examples 11216, loss 0.0033, peak 1.81 GiB, reserved 2.01 GiB
Epoch 1/3 step 706, examples 11296, loss 0.0481, peak 1.81 GiB, reserved 2.01 GiB
Epoch 1/3 step 711, examples 11376, loss 0.0305, peak 1.81 GiB, reserved 2.01 GiB
Epoch 1/3 step 716, examples 11456, loss 0.0045, peak 1.81 GiB, reserved 2.01 GiB
Epoch 1/3 step 721, examples 11536, loss 0.0012, peak 1.81 GiB, reserved 2.01 GiB
Epoch 1/3 step 726, examples 11616, loss 0.0012, peak 1.81 GiB, reserved 2.01 GiB
Epoch 1/3 step 731, examples 11696, loss 0.0001, peak 1.81 GiB, reserved 2.01 GiB
Epoch 1/3 step 736, examples 11776, loss 0.0038, peak 1.81 GiB, reserved 2.01 GiB
Epoch 1/3 step 741, examples 11856, loss 0.0113, peak 1.81 GiB, reserved 2.01 GiB
Epoch 1/3 step 746, examples 11936, loss 0.0002, peak 1.81 GiB, reserved 2.01 GiB
Epoch 1/3 step 751, examples 12016, loss 0.0009, peak 1.81 GiB, reserved 2.01 GiB
Epoch 1/3 step 756, examples 12096, loss 0.0059, peak 1.81 GiB, reserved 2.01 GiB
Epoch 1/3 step 761, examples 12176, loss 0.0002, peak 1.81 GiB, reserved 2.01 GiB
Epoch 1/3 step 766, examples 12256, loss 0.0074, peak 1.81 GiB, reserved 2.01 GiB
Epoch 1/3 step 771, examples 12336, loss 0.0161, peak 1.81 GiB, reserved 2.01 GiB
Epoch 1/3 step 776, examples 12416, loss 0.0003, peak 1.81 GiB, reserved 2.01 GiB
Epoch 1/3 step 781, examples 12496, loss 0.0330, peak 1.81 GiB, reserved 2.01 GiB
Epoch 1/3 step 786, examples 12576, loss 0.0287, peak 1.81 GiB, reserved 2.01 GiB
Epoch 1/3 step 791, examples 12656, loss 0.0082, peak 1.81 GiB, reserved 2.01 GiB
Epoch 1/3 step 796, examples 12736, loss 0.0196, peak 1.81 GiB, reserved 2.01 GiB
Epoch 1/3 step 801, examples 12816, loss 0.0072, peak 1.81 GiB, reserved 2.01 GiB
Epoch 1/3 step 806, examples 12896, loss 0.0353, peak 1.81 GiB, reserved 2.01 GiB
Epoch 1/3 step 811, examples 12976, loss 0.0010, peak 1.81 GiB, reserved 2.01 GiB
Epoch 1/3 step 816, examples 13056, loss 0.0482, peak 1.81 GiB, reserved 2.01 GiB
Epoch 1/3 step 821, examples 13136, loss 0.0053, peak 1.81 GiB, reserved 2.01 GiB
Epoch 1/3 step 826, examples 13216, loss 0.0015, peak 1.81 GiB, reserved 2.01 GiB
Epoch 1/3 step 831, examples 13296, loss 0.0607, peak 1.81 GiB, reserved 2.01 GiB
Epoch 1/3 step 836, examples 13376, loss 0.0002, peak 1.81 GiB, reserved 2.01 GiB
Epoch 1/3 step 841, examples 13456, loss 0.0001, peak 1.81 GiB, reserved 2.01 GiB
Epoch 1/3 step 846, examples 13536, loss 0.1063, peak 1.81 GiB, reserved 2.01 GiB
Epoch 1/3 step 851, examples 13616, loss 0.0016, peak 1.81 GiB, reserved 2.01 GiB
Epoch 1/3 step 856, examples 13696, loss 0.0007, peak 1.81 GiB, reserved 2.01 GiB
Epoch 1/3 step 861, examples 13776, loss 0.0007, peak 1.81 GiB, reserved 2.01 GiB
Epoch 1/3 step 866, examples 13856, loss 0.0047, peak 1.81 GiB, reserved 2.01 GiB
Epoch 1/3 step 871, examples 13936, loss 0.0002, peak 1.81 GiB, reserved 2.01 GiB
Epoch 1/3 step 876, examples 14016, loss 0.0018, peak 1.81 GiB, reserved 2.01 GiB
Epoch 1/3 step 881, examples 14096, loss 0.0077, peak 1.81 GiB, reserved 2.01 GiB
Epoch 1/3 step 886, examples 14176, loss 0.0003, peak 1.81 GiB, reserved 2.01 GiB
Epoch 1/3 step 891, examples 14256, loss 0.0147, peak 1.81 GiB, reserved 2.01 GiB
Epoch 1/3 step 896, examples 14336, loss 0.0001, peak 1.81 GiB, reserved 2.01 GiB
Epoch 1/3 step 901, examples 14416, loss 0.0211, peak 1.81 GiB, reserved 2.01 GiB
Epoch 1/3 step 906, examples 14496, loss 0.0061, peak 1.81 GiB, reserved 2.01 GiB
Epoch 1/3 step 911, examples 14576, loss 0.0012, peak 1.81 GiB, reserved 2.01 GiB
Epoch 1/3 step 916, examples 14656, loss 0.0165, peak 1.81 GiB, reserved 2.01 GiB
Epoch 1/3 step 921, examples 14736, loss 0.0001, peak 1.81 GiB, reserved 2.01 GiB
Epoch 1/3 step 926, examples 14816, loss 0.0036, peak 1.81 GiB, reserved 2.01 GiB
Epoch 1/3 step 931, examples 14896, loss 0.0001, peak 1.81 GiB, reserved 2.01 GiB
Epoch 1/3 step 936, examples 14976, loss 0.0140, peak 1.81 GiB, reserved 2.01 GiB
Epoch 1/3 step 941, examples 15056, loss 0.0176, peak 1.81 GiB, reserved 2.01 GiB
Epoch 1/3 step 946, examples 15136, loss 0.0003, peak 1.81 GiB, reserved 2.01 GiB
Epoch 1/3 step 951, examples 15216, loss 0.0003, peak 1.81 GiB, reserved 2.01 GiB
Epoch 1/3 step 956, examples 15296, loss 0.0335, peak 1.81 GiB, reserved 2.01 GiB
Epoch 1/3 step 961, examples 15376, loss 0.0034, peak 1.81 GiB, reserved 2.01 GiB
Epoch 1/3 step 966, examples 15456, loss 0.0002, peak 1.81 GiB, reserved 2.01 GiB
Epoch 1/3 step 971, examples 15536, loss 0.0001, peak 1.81 GiB, reserved 2.01 GiB
Epoch 1/3 step 976, examples 15616, loss 0.0003, peak 1.81 GiB, reserved 2.01 GiB
Epoch 1/3 step 981, examples 15696, loss 0.0043, peak 1.81 GiB, reserved 2.01 GiB
Epoch 1/3 step 986, examples 15776, loss 0.0003, peak 1.81 GiB, reserved 2.01 GiB
Epoch 1/3 step 991, examples 15856, loss 0.0001, peak 1.81 GiB, reserved 2.01 GiB
Epoch 1/3 step 996, examples 15936, loss 0.0001, peak 1.81 GiB, reserved 2.01 GiB
Epoch 1/3 step 1001, examples 16016, loss 0.0154, peak 1.81 GiB, reserved 2.01 GiB
Epoch 1/3 step 1006, examples 16096, loss 0.0227, peak 1.81 GiB, reserved 2.01 GiB
Epoch 1/3 step 1011, examples 16176, loss 0.0044, peak 1.81 GiB, reserved 2.01 GiB
Epoch 1/3 step 1016, examples 16256, loss 0.0694, peak 1.81 GiB, reserved 2.01 GiB
Epoch 1/3 step 1021, examples 16336, loss 0.0002, peak 1.81 GiB, reserved 2.01 GiB
Epoch 1/3 step 1026, examples 16416, loss 0.0013, peak 1.81 GiB, reserved 2.01 GiB
Epoch 1/3 step 1031, examples 16496, loss 0.0001, peak 1.81 GiB, reserved 2.01 GiB
Epoch 1/3 step 1036, examples 16576, loss 0.0003, peak 1.81 GiB, reserved 2.01 GiB
Epoch 1/3 step 1041, examples 16656, loss 0.0056, peak 1.81 GiB, reserved 2.01 GiB
Epoch 1/3 step 1046, examples 16736, loss 0.0289, peak 1.81 GiB, reserved 2.01 GiB
Epoch 1/3 step 1051, examples 16816, loss 0.0025, peak 1.81 GiB, reserved 2.01 GiB
Epoch 1/3 step 1056, examples 16896, loss 0.0002, peak 1.81 GiB, reserved 2.01 GiB
Epoch 1/3 step 1061, examples 16976, loss 0.0002, peak 1.81 GiB, reserved 2.01 GiB
Epoch 1/3 step 1066, examples 17056, loss 0.0008, peak 1.81 GiB, reserved 2.01 GiB
Epoch 1/3 step 1071, examples 17136, loss 0.0001, peak 1.81 GiB, reserved 2.01 GiB
Epoch 1/3 step 1076, examples 17216, loss 0.0001, peak 1.81 GiB, reserved 2.01 GiB
Epoch 1/3 step 1081, examples 17296, loss 0.0001, peak 1.81 GiB, reserved 2.01 GiB
Epoch 1/3 step 1086, examples 17376, loss 0.0055, peak 1.81 GiB, reserved 2.01 GiB
Epoch 1/3 step 1091, examples 17456, loss 0.0001, peak 1.81 GiB, reserved 2.01 GiB
Epoch 1/3 step 1096, examples 17536, loss 0.0001, peak 1.81 GiB, reserved 2.01 GiB
Epoch 1/3 step 1101, examples 17616, loss 0.0003, peak 1.81 GiB, reserved 2.01 GiB
Epoch 1/3 step 1106, examples 17696, loss 0.0138, peak 1.81 GiB, reserved 2.01 GiB
Epoch 1/3 step 1111, examples 17776, loss 0.0275, peak 1.81 GiB, reserved 2.01 GiB
Epoch 1/3 step 1116, examples 17856, loss 0.0016, peak 1.81 GiB, reserved 2.01 GiB
Epoch 1/3 step 1121, examples 17936, loss 0.0026, peak 1.81 GiB, reserved 2.01 GiB
Epoch 1/3 step 1126, examples 18016, loss 0.0001, peak 1.81 GiB, reserved 2.01 GiB
Epoch 1/3 step 1131, examples 18096, loss 0.0001, peak 1.81 GiB, reserved 2.01 GiB
Epoch 1/3 step 1136, examples 18176, loss 0.0002, peak 1.81 GiB, reserved 2.01 GiB
Epoch 1/3 step 1141, examples 18256, loss 0.0001, peak 1.81 GiB, reserved 2.01 GiB
Epoch 1/3 step 1146, examples 18336, loss 0.0251, peak 1.81 GiB, reserved 2.01 GiB
Validation 4/4392 examples
Validation 404/4392 examples
Validation 804/4392 examples
Validation 1204/4392 examples
Validation 1604/4392 examples
Validation 2004/4392 examples
Validation 2404/4392 examples
Validation 2804/4392 examples
Validation 3204/4392 examples
Validation 3604/4392 examples
Validation 4004/4392 examples
Validation 4392/4392 examples
Saved epoch 1; held-out completion loss 0.0302
Epoch 2/3 step 1151, examples 18408, loss 0.0038, peak 1.81 GiB, reserved 2.01 GiB
Epoch 2/3 step 1156, examples 18488, loss 0.0002, peak 1.81 GiB, reserved 2.01 GiB
Epoch 2/3 step 1161, examples 18568, loss 0.0004, peak 1.81 GiB, reserved 2.01 GiB
Epoch 2/3 step 1166, examples 18648, loss 0.0167, peak 1.81 GiB, reserved 2.01 GiB
Epoch 2/3 step 1171, examples 18728, loss 0.0003, peak 1.81 GiB, reserved 2.01 GiB
Epoch 2/3 step 1176, examples 18808, loss 0.0186, peak 1.81 GiB, reserved 2.01 GiB
Epoch 2/3 step 1181, examples 18888, loss 0.0004, peak 1.81 GiB, reserved 2.01 GiB
Epoch 2/3 step 1186, examples 18968, loss 0.0136, peak 1.81 GiB, reserved 2.01 GiB
Epoch 2/3 step 1191, examples 19048, loss 0.0208, peak 1.81 GiB, reserved 2.01 GiB
Epoch 2/3 step 1196, examples 19128, loss 0.0039, peak 1.81 GiB, reserved 2.01 GiB
Epoch 2/3 step 1201, examples 19208, loss 0.0009, peak 1.81 GiB, reserved 2.01 GiB
Epoch 2/3 step 1206, examples 19288, loss 0.0001, peak 1.81 GiB, reserved 2.01 GiB
Epoch 2/3 step 1211, examples 19368, loss 0.0004, peak 1.81 GiB, reserved 2.01 GiB
Epoch 2/3 step 1216, examples 19448, loss 0.0043, peak 1.81 GiB, reserved 2.01 GiB
Epoch 2/3 step 1221, examples 19528, loss 0.0067, peak 1.81 GiB, reserved 2.01 GiB
Epoch 2/3 step 1226, examples 19608, loss 0.0078, peak 1.81 GiB, reserved 2.01 GiB
Epoch 2/3 step 1231, examples 19688, loss 0.0002, peak 1.81 GiB, reserved 2.01 GiB
Epoch 2/3 step 1236, examples 19768, loss 0.0001, peak 1.81 GiB, reserved 2.01 GiB
Epoch 2/3 step 1241, examples 19848, loss 0.0005, peak 1.81 GiB, reserved 2.01 GiB
Epoch 2/3 step 1246, examples 19928, loss 0.0568, peak 1.81 GiB, reserved 2.01 GiB
Epoch 2/3 step 1251, examples 20008, loss 0.0045, peak 1.81 GiB, reserved 2.01 GiB
Epoch 2/3 step 1256, examples 20088, loss 0.0002, peak 1.81 GiB, reserved 2.01 GiB
Epoch 2/3 step 1261, examples 20168, loss 0.0004, peak 1.81 GiB, reserved 2.01 GiB
Epoch 2/3 step 1266, examples 20248, loss 0.0159, peak 1.81 GiB, reserved 2.01 GiB
Epoch 2/3 step 1271, examples 20328, loss 0.0033, peak 1.81 GiB, reserved 2.01 GiB
Epoch 2/3 step 1276, examples 20408, loss 0.0002, peak 1.81 GiB, reserved 2.01 GiB
Epoch 2/3 step 1281, examples 20488, loss 0.0028, peak 1.81 GiB, reserved 2.01 GiB
Epoch 2/3 step 1286, examples 20568, loss 0.0003, peak 1.81 GiB, reserved 2.01 GiB
Epoch 2/3 step 1291, examples 20648, loss 0.0002, peak 1.81 GiB, reserved 2.01 GiB
Epoch 2/3 step 1296, examples 20728, loss 0.0028, peak 1.81 GiB, reserved 2.01 GiB
Epoch 2/3 step 1301, examples 20808, loss 0.0003, peak 1.81 GiB, reserved 2.01 GiB
Epoch 2/3 step 1306, examples 20888, loss 0.0002, peak 1.81 GiB, reserved 2.01 GiB
Epoch 2/3 step 1311, examples 20968, loss 0.0071, peak 1.81 GiB, reserved 2.01 GiB
Epoch 2/3 step 1316, examples 21048, loss 0.0007, peak 1.81 GiB, reserved 2.01 GiB
Epoch 2/3 step 1321, examples 21128, loss 0.0001, peak 1.81 GiB, reserved 2.01 GiB
Epoch 2/3 step 1326, examples 21208, loss 0.0001, peak 1.81 GiB, reserved 2.01 GiB
Epoch 2/3 step 1331, examples 21288, loss 0.0001, peak 1.81 GiB, reserved 2.01 GiB
Epoch 2/3 step 1336, examples 21368, loss 0.0003, peak 1.81 GiB, reserved 2.01 GiB
Epoch 2/3 step 1341, examples 21448, loss 0.0001, peak 1.81 GiB, reserved 2.01 GiB
Epoch 2/3 step 1346, examples 21528, loss 0.0001, peak 1.81 GiB, reserved 2.01 GiB
Epoch 2/3 step 1351, examples 21608, loss 0.0095, peak 1.81 GiB, reserved 2.01 GiB
Epoch 2/3 step 1356, examples 21688, loss 0.0001, peak 1.81 GiB, reserved 2.01 GiB
Epoch 2/3 step 1361, examples 21768, loss 0.0023, peak 1.81 GiB, reserved 2.01 GiB
Epoch 2/3 step 1366, examples 21848, loss 0.0118, peak 1.81 GiB, reserved 2.01 GiB
Epoch 2/3 step 1371, examples 21928, loss 0.0000, peak 1.81 GiB, reserved 2.01 GiB
Epoch 2/3 step 1376, examples 22008, loss 0.0001, peak 1.81 GiB, reserved 2.01 GiB
Epoch 2/3 step 1381, examples 22088, loss 0.0001, peak 1.81 GiB, reserved 2.01 GiB
Epoch 2/3 step 1386, examples 22168, loss 0.0026, peak 1.81 GiB, reserved 2.01 GiB
Epoch 2/3 step 1391, examples 22248, loss 0.0208, peak 1.82 GiB, reserved 2.01 GiB
Epoch 2/3 step 1396, examples 22328, loss 0.0001, peak 1.82 GiB, reserved 2.01 GiB
Epoch 2/3 step 1401, examples 22408, loss 0.0329, peak 1.82 GiB, reserved 2.01 GiB
Epoch 2/3 step 1406, examples 22488, loss 0.0007, peak 1.82 GiB, reserved 2.01 GiB
Epoch 2/3 step 1411, examples 22568, loss 0.0016, peak 1.82 GiB, reserved 2.01 GiB
Epoch 2/3 step 1416, examples 22648, loss 0.0001, peak 1.82 GiB, reserved 2.01 GiB
Epoch 2/3 step 1421, examples 22728, loss 0.0040, peak 1.82 GiB, reserved 2.01 GiB
Epoch 2/3 step 1426, examples 22808, loss 0.0000, peak 1.82 GiB, reserved 2.01 GiB
Epoch 2/3 step 1431, examples 22888, loss 0.0001, peak 1.82 GiB, reserved 2.01 GiB
Epoch 2/3 step 1436, examples 22968, loss 0.0177, peak 1.82 GiB, reserved 2.01 GiB
Epoch 2/3 step 1441, examples 23048, loss 0.0000, peak 1.82 GiB, reserved 2.01 GiB
Epoch 2/3 step 1446, examples 23128, loss 0.0036, peak 1.82 GiB, reserved 2.01 GiB
Epoch 2/3 step 1451, examples 23208, loss 0.0004, peak 1.82 GiB, reserved 2.01 GiB
Epoch 2/3 step 1456, examples 23288, loss 0.0000, peak 1.82 GiB, reserved 2.01 GiB
Epoch 2/3 step 1461, examples 23368, loss 0.0000, peak 1.82 GiB, reserved 2.01 GiB
Epoch 2/3 step 1466, examples 23448, loss 0.0000, peak 1.82 GiB, reserved 2.01 GiB
Epoch 2/3 step 1471, examples 23528, loss 0.0007, peak 1.82 GiB, reserved 2.01 GiB
Epoch 2/3 step 1476, examples 23608, loss 0.0001, peak 1.82 GiB, reserved 2.01 GiB
Epoch 2/3 step 1481, examples 23688, loss 0.0000, peak 1.82 GiB, reserved 2.01 GiB
Epoch 2/3 step 1486, examples 23768, loss 0.0038, peak 1.82 GiB, reserved 2.01 GiB
Epoch 2/3 step 1491, examples 23848, loss 0.0016, peak 1.82 GiB, reserved 2.01 GiB
Epoch 2/3 step 1496, examples 23928, loss 0.0003, peak 1.82 GiB, reserved 2.01 GiB
Epoch 2/3 step 1501, examples 24008, loss 0.0005, peak 1.82 GiB, reserved 2.01 GiB
Epoch 2/3 step 1506, examples 24088, loss 0.0001, peak 1.82 GiB, reserved 2.01 GiB
Epoch 2/3 step 1511, examples 24168, loss 0.0001, peak 1.82 GiB, reserved 2.01 GiB
Epoch 2/3 step 1516, examples 24248, loss 0.0000, peak 1.82 GiB, reserved 2.01 GiB
Epoch 2/3 step 1521, examples 24328, loss 0.0002, peak 1.82 GiB, reserved 2.01 GiB
Epoch 2/3 step 1526, examples 24408, loss 0.0028, peak 1.82 GiB, reserved 2.01 GiB
Epoch 2/3 step 1531, examples 24488, loss 0.0057, peak 1.82 GiB, reserved 2.01 GiB
Epoch 2/3 step 1536, examples 24568, loss 0.0001, peak 1.82 GiB, reserved 2.01 GiB
Epoch 2/3 step 1541, examples 24648, loss 0.0004, peak 1.82 GiB, reserved 2.01 GiB
Epoch 2/3 step 1546, examples 24728, loss 0.0001, peak 1.82 GiB, reserved 2.01 GiB
Epoch 2/3 step 1551, examples 24808, loss 0.0001, peak 1.82 GiB, reserved 2.01 GiB
Epoch 2/3 step 1556, examples 24888, loss 0.0106, peak 1.82 GiB, reserved 2.01 GiB
Epoch 2/3 step 1561, examples 24968, loss 0.0020, peak 1.82 GiB, reserved 2.01 GiB
Epoch 2/3 step 1566, examples 25048, loss 0.0390, peak 1.82 GiB, reserved 2.01 GiB
Epoch 2/3 step 1571, examples 25128, loss 0.0000, peak 1.82 GiB, reserved 2.01 GiB
Epoch 2/3 step 1576, examples 25208, loss 0.0000, peak 1.82 GiB, reserved 2.01 GiB
Epoch 2/3 step 1581, examples 25288, loss 0.0000, peak 1.82 GiB, reserved 2.01 GiB
Epoch 2/3 step 1586, examples 25368, loss 0.0024, peak 1.82 GiB, reserved 2.01 GiB
Epoch 2/3 step 1591, examples 25448, loss 0.0000, peak 1.82 GiB, reserved 2.01 GiB
Epoch 2/3 step 1596, examples 25528, loss 0.0001, peak 1.82 GiB, reserved 2.01 GiB
Epoch 2/3 step 1601, examples 25608, loss 0.0094, peak 1.82 GiB, reserved 2.01 GiB
Epoch 2/3 step 1606, examples 25688, loss 0.0015, peak 1.82 GiB, reserved 2.01 GiB
Epoch 2/3 step 1611, examples 25768, loss 0.0022, peak 1.82 GiB, reserved 2.01 GiB
Epoch 2/3 step 1616, examples 25848, loss 0.0000, peak 1.82 GiB, reserved 2.01 GiB
Epoch 2/3 step 1621, examples 25928, loss 0.0000, peak 1.82 GiB, reserved 2.01 GiB
Epoch 2/3 step 1626, examples 26008, loss 0.0033, peak 1.82 GiB, reserved 2.01 GiB
Epoch 2/3 step 1631, examples 26088, loss 0.0003, peak 1.82 GiB, reserved 2.01 GiB
Epoch 2/3 step 1636, examples 26168, loss 0.0001, peak 1.82 GiB, reserved 2.01 GiB
Epoch 2/3 step 1641, examples 26248, loss 0.0000, peak 1.82 GiB, reserved 2.01 GiB
Epoch 2/3 step 1646, examples 26328, loss 0.0000, peak 1.82 GiB, reserved 2.01 GiB
Epoch 2/3 step 1651, examples 26408, loss 0.0009, peak 1.82 GiB, reserved 2.01 GiB
Epoch 2/3 step 1656, examples 26488, loss 0.0001, peak 1.82 GiB, reserved 2.01 GiB
Epoch 2/3 step 1661, examples 26568, loss 0.0002, peak 1.82 GiB, reserved 2.01 GiB
Epoch 2/3 step 1666, examples 26648, loss 0.0026, peak 1.82 GiB, reserved 2.01 GiB
Epoch 2/3 step 1671, examples 26728, loss 0.0002, peak 1.82 GiB, reserved 2.01 GiB
Epoch 2/3 step 1676, examples 26808, loss 0.0001, peak 1.82 GiB, reserved 2.01 GiB
Epoch 2/3 step 1681, examples 26888, loss 0.0005, peak 1.82 GiB, reserved 2.01 GiB
Epoch 2/3 step 1686, examples 26968, loss 0.0001, peak 1.82 GiB, reserved 2.01 GiB
Epoch 2/3 step 1691, examples 27048, loss 0.0046, peak 1.82 GiB, reserved 2.01 GiB
Epoch 2/3 step 1696, examples 27128, loss 0.0001, peak 1.82 GiB, reserved 2.01 GiB
Epoch 2/3 step 1701, examples 27208, loss 0.0000, peak 1.82 GiB, reserved 2.01 GiB
Epoch 2/3 step 1706, examples 27288, loss 0.0090, peak 1.82 GiB, reserved 2.01 GiB
Epoch 2/3 step 1711, examples 27368, loss 0.0006, peak 1.82 GiB, reserved 2.01 GiB
Epoch 2/3 step 1716, examples 27448, loss 0.0000, peak 1.82 GiB, reserved 2.01 GiB
Epoch 2/3 step 1721, examples 27528, loss 0.0001, peak 1.82 GiB, reserved 2.01 GiB
Epoch 2/3 step 1726, examples 27608, loss 0.0000, peak 1.82 GiB, reserved 2.01 GiB
Epoch 2/3 step 1731, examples 27688, loss 0.0025, peak 1.82 GiB, reserved 2.01 GiB
Epoch 2/3 step 1736, examples 27768, loss 0.0096, peak 1.82 GiB, reserved 2.01 GiB
Epoch 2/3 step 1741, examples 27848, loss 0.0000, peak 1.82 GiB, reserved 2.01 GiB
Epoch 2/3 step 1746, examples 27928, loss 0.0000, peak 1.82 GiB, reserved 2.01 GiB
Epoch 2/3 step 1751, examples 28008, loss 0.0000, peak 1.82 GiB, reserved 2.01 GiB
Epoch 2/3 step 1756, examples 28088, loss 0.0001, peak 1.82 GiB, reserved 2.01 GiB
Epoch 2/3 step 1761, examples 28168, loss 0.0004, peak 1.82 GiB, reserved 2.01 GiB
Epoch 2/3 step 1766, examples 28248, loss 0.0005, peak 1.82 GiB, reserved 2.01 GiB
Epoch 2/3 step 1771, examples 28328, loss 0.0001, peak 1.82 GiB, reserved 2.01 GiB
Epoch 2/3 step 1776, examples 28408, loss 0.0001, peak 1.82 GiB, reserved 2.01 GiB
Epoch 2/3 step 1781, examples 28488, loss 0.0156, peak 1.82 GiB, reserved 2.01 GiB
Epoch 2/3 step 1786, examples 28568, loss 0.0001, peak 1.82 GiB, reserved 2.01 GiB
Epoch 2/3 step 1791, examples 28648, loss 0.0000, peak 1.82 GiB, reserved 2.01 GiB
Epoch 2/3 step 1796, examples 28728, loss 0.0000, peak 1.82 GiB, reserved 2.01 GiB
Epoch 2/3 step 1801, examples 28808, loss 0.0001, peak 1.82 GiB, reserved 2.01 GiB
Epoch 2/3 step 1806, examples 28888, loss 0.0000, peak 1.82 GiB, reserved 2.01 GiB
Epoch 2/3 step 1811, examples 28968, loss 0.0000, peak 1.82 GiB, reserved 2.01 GiB
Epoch 2/3 step 1816, examples 29048, loss 0.0025, peak 1.82 GiB, reserved 2.01 GiB
Epoch 2/3 step 1821, examples 29128, loss 0.0001, peak 1.82 GiB, reserved 2.01 GiB
Epoch 2/3 step 1826, examples 29208, loss 0.0001, peak 1.82 GiB, reserved 2.01 GiB
Epoch 2/3 step 1831, examples 29288, loss 0.0000, peak 1.82 GiB, reserved 2.01 GiB
Epoch 2/3 step 1836, examples 29368, loss 0.0000, peak 1.82 GiB, reserved 2.01 GiB
Epoch 2/3 step 1841, examples 29448, loss 0.0245, peak 1.82 GiB, reserved 2.01 GiB
Epoch 2/3 step 1846, examples 29528, loss 0.0000, peak 1.82 GiB, reserved 2.01 GiB
Epoch 2/3 step 1851, examples 29608, loss 0.0022, peak 1.82 GiB, reserved 2.01 GiB
Epoch 2/3 step 1856, examples 29688, loss 0.0000, peak 1.82 GiB, reserved 2.01 GiB
Epoch 2/3 step 1861, examples 29768, loss 0.0019, peak 1.82 GiB, reserved 2.01 GiB
Epoch 2/3 step 1866, examples 29848, loss 0.0000, peak 1.82 GiB, reserved 2.01 GiB
Epoch 2/3 step 1871, examples 29928, loss 0.0001, peak 1.82 GiB, reserved 2.01 GiB
Epoch 2/3 step 1876, examples 30008, loss 0.0000, peak 1.82 GiB, reserved 2.01 GiB
Epoch 2/3 step 1881, examples 30088, loss 0.0116, peak 1.82 GiB, reserved 2.01 GiB
Epoch 2/3 step 1886, examples 30168, loss 0.0017, peak 1.82 GiB, reserved 2.01 GiB
Epoch 2/3 step 1891, examples 30248, loss 0.0000, peak 1.82 GiB, reserved 2.01 GiB
Epoch 2/3 step 1896, examples 30328, loss 0.0001, peak 1.82 GiB, reserved 2.01 GiB
Epoch 2/3 step 1901, examples 30408, loss 0.0001, peak 1.82 GiB, reserved 2.01 GiB
Epoch 2/3 step 1906, examples 30488, loss 0.0210, peak 1.82 GiB, reserved 2.01 GiB
Epoch 2/3 step 1911, examples 30568, loss 0.0002, peak 1.82 GiB, reserved 2.01 GiB
Epoch 2/3 step 1916, examples 30648, loss 0.0000, peak 1.82 GiB, reserved 2.01 GiB
Epoch 2/3 step 1921, examples 30728, loss 0.0000, peak 1.82 GiB, reserved 2.01 GiB
Epoch 2/3 step 1926, examples 30808, loss 0.0024, peak 1.82 GiB, reserved 2.01 GiB
Epoch 2/3 step 1931, examples 30888, loss 0.0058, peak 1.82 GiB, reserved 2.01 GiB
Epoch 2/3 step 1936, examples 30968, loss 0.0006, peak 1.82 GiB, reserved 2.01 GiB
Epoch 2/3 step 1941, examples 31048, loss 0.0003, peak 1.82 GiB, reserved 2.01 GiB
Epoch 2/3 step 1946, examples 31128, loss 0.0000, peak 1.82 GiB, reserved 2.01 GiB
Epoch 2/3 step 1951, examples 31208, loss 0.0022, peak 1.82 GiB, reserved 2.01 GiB
Epoch 2/3 step 1956, examples 31288, loss 0.0003, peak 1.82 GiB, reserved 2.01 GiB
Epoch 2/3 step 1961, examples 31368, loss 0.0001, peak 1.82 GiB, reserved 2.01 GiB
Epoch 2/3 step 1966, examples 31448, loss 0.0000, peak 1.82 GiB, reserved 2.01 GiB
Epoch 2/3 step 1971, examples 31528, loss 0.0003, peak 1.82 GiB, reserved 2.01 GiB
Epoch 2/3 step 1976, examples 31608, loss 0.0006, peak 1.82 GiB, reserved 2.01 GiB
Epoch 2/3 step 1981, examples 31688, loss 0.0107, peak 1.82 GiB, reserved 2.01 GiB
Epoch 2/3 step 1986, examples 31768, loss 0.0006, peak 1.82 GiB, reserved 2.01 GiB
Epoch 2/3 step 1991, examples 31848, loss 0.0034, peak 1.82 GiB, reserved 2.01 GiB
Epoch 2/3 step 1996, examples 31928, loss 0.0000, peak 1.82 GiB, reserved 2.01 GiB
Epoch 2/3 step 2001, examples 32008, loss 0.0001, peak 1.82 GiB, reserved 2.01 GiB
Epoch 2/3 step 2006, examples 32088, loss 0.0044, peak 1.82 GiB, reserved 2.01 GiB
Epoch 2/3 step 2011, examples 32168, loss 0.0002, peak 1.82 GiB, reserved 2.01 GiB
Epoch 2/3 step 2016, examples 32248, loss 0.0001, peak 1.82 GiB, reserved 2.01 GiB
Epoch 2/3 step 2021, examples 32328, loss 0.0017, peak 1.82 GiB, reserved 2.01 GiB
Epoch 2/3 step 2026, examples 32408, loss 0.0017, peak 1.82 GiB, reserved 2.01 GiB
Epoch 2/3 step 2031, examples 32488, loss 0.0001, peak 1.82 GiB, reserved 2.01 GiB
Epoch 2/3 step 2036, examples 32568, loss 0.0027, peak 1.82 GiB, reserved 2.01 GiB
Epoch 2/3 step 2041, examples 32648, loss 0.0048, peak 1.82 GiB, reserved 2.01 GiB
Epoch 2/3 step 2046, examples 32728, loss 0.0000, peak 1.82 GiB, reserved 2.01 GiB
Epoch 2/3 step 2051, examples 32808, loss 0.0018, peak 1.82 GiB, reserved 2.01 GiB
Epoch 2/3 step 2056, examples 32888, loss 0.0008, peak 1.82 GiB, reserved 2.01 GiB
Epoch 2/3 step 2061, examples 32968, loss 0.0037, peak 1.82 GiB, reserved 2.01 GiB
Epoch 2/3 step 2066, examples 33048, loss 0.0000, peak 1.82 GiB, reserved 2.01 GiB
Epoch 2/3 step 2071, examples 33128, loss 0.0014, peak 1.82 GiB, reserved 2.01 GiB
Epoch 2/3 step 2076, examples 33208, loss 0.0002, peak 1.82 GiB, reserved 2.01 GiB
Epoch 2/3 step 2081, examples 33288, loss 0.0014, peak 1.82 GiB, reserved 2.01 GiB
Epoch 2/3 step 2086, examples 33368, loss 0.0005, peak 1.82 GiB, reserved 2.01 GiB
Epoch 2/3 step 2091, examples 33448, loss 0.0000, peak 1.82 GiB, reserved 2.01 GiB
Epoch 2/3 step 2096, examples 33528, loss 0.0001, peak 1.82 GiB, reserved 2.01 GiB
Epoch 2/3 step 2101, examples 33608, loss 0.0001, peak 1.82 GiB, reserved 2.01 GiB
Epoch 2/3 step 2106, examples 33688, loss 0.0010, peak 1.82 GiB, reserved 2.01 GiB
Epoch 2/3 step 2111, examples 33768, loss 0.0011, peak 1.82 GiB, reserved 2.01 GiB
Epoch 2/3 step 2116, examples 33848, loss 0.0227, peak 1.82 GiB, reserved 2.01 GiB
Epoch 2/3 step 2121, examples 33928, loss 0.0005, peak 1.82 GiB, reserved 2.01 GiB
Epoch 2/3 step 2126, examples 34008, loss 0.0000, peak 1.82 GiB, reserved 2.01 GiB
Epoch 2/3 step 2131, examples 34088, loss 0.0005, peak 1.82 GiB, reserved 2.01 GiB
Epoch 2/3 step 2136, examples 34168, loss 0.0002, peak 1.82 GiB, reserved 2.01 GiB
Epoch 2/3 step 2141, examples 34248, loss 0.0001, peak 1.82 GiB, reserved 2.01 GiB
Epoch 2/3 step 2146, examples 34328, loss 0.0000, peak 1.82 GiB, reserved 2.01 GiB
Epoch 2/3 step 2151, examples 34408, loss 0.0003, peak 1.82 GiB, reserved 2.01 GiB
Epoch 2/3 step 2156, examples 34488, loss 0.0002, peak 1.82 GiB, reserved 2.01 GiB
Epoch 2/3 step 2161, examples 34568, loss 0.0000, peak 1.82 GiB, reserved 2.01 GiB
Epoch 2/3 step 2166, examples 34648, loss 0.0000, peak 1.82 GiB, reserved 2.01 GiB
Epoch 2/3 step 2171, examples 34728, loss 0.0004, peak 1.82 GiB, reserved 2.01 GiB
Epoch 2/3 step 2176, examples 34808, loss 0.0031, peak 1.82 GiB, reserved 2.01 GiB
Epoch 2/3 step 2181, examples 34888, loss 0.0000, peak 1.82 GiB, reserved 2.01 GiB
Epoch 2/3 step 2186, examples 34968, loss 0.0001, peak 1.82 GiB, reserved 2.01 GiB
Epoch 2/3 step 2191, examples 35048, loss 0.0000, peak 1.82 GiB, reserved 2.01 GiB
Epoch 2/3 step 2196, examples 35128, loss 0.0219, peak 1.82 GiB, reserved 2.01 GiB
Epoch 2/3 step 2201, examples 35208, loss 0.0000, peak 1.82 GiB, reserved 2.01 GiB
Epoch 2/3 step 2206, examples 35288, loss 0.0014, peak 1.82 GiB, reserved 2.01 GiB
Epoch 2/3 step 2211, examples 35368, loss 0.0002, peak 1.82 GiB, reserved 2.01 GiB
Epoch 2/3 step 2216, examples 35448, loss 0.0000, peak 1.82 GiB, reserved 2.01 GiB
Epoch 2/3 step 2221, examples 35528, loss 0.0000, peak 1.82 GiB, reserved 2.01 GiB
Epoch 2/3 step 2226, examples 35608, loss 0.0003, peak 1.82 GiB, reserved 2.01 GiB
Epoch 2/3 step 2231, examples 35688, loss 0.0000, peak 1.82 GiB, reserved 2.01 GiB
Epoch 2/3 step 2236, examples 35768, loss 0.0004, peak 1.82 GiB, reserved 2.01 GiB
Epoch 2/3 step 2241, examples 35848, loss 0.0000, peak 1.82 GiB, reserved 2.01 GiB
Epoch 2/3 step 2246, examples 35928, loss 0.0001, peak 1.82 GiB, reserved 2.01 GiB
Epoch 2/3 step 2251, examples 36008, loss 0.0000, peak 1.82 GiB, reserved 2.01 GiB
Epoch 2/3 step 2256, examples 36088, loss 0.0000, peak 1.82 GiB, reserved 2.01 GiB
Epoch 2/3 step 2261, examples 36168, loss 0.0001, peak 1.82 GiB, reserved 2.01 GiB
Epoch 2/3 step 2266, examples 36248, loss 0.0000, peak 1.82 GiB, reserved 2.01 GiB
Epoch 2/3 step 2271, examples 36328, loss 0.0000, peak 1.82 GiB, reserved 2.01 GiB
Epoch 2/3 step 2276, examples 36408, loss 0.0039, peak 1.82 GiB, reserved 2.01 GiB
Epoch 2/3 step 2281, examples 36488, loss 0.0000, peak 1.82 GiB, reserved 2.01 GiB
Epoch 2/3 step 2286, examples 36568, loss 0.0000, peak 1.82 GiB, reserved 2.01 GiB
Epoch 2/3 step 2291, examples 36648, loss 0.0012, peak 1.82 GiB, reserved 2.01 GiB
Epoch 2/3 step 2296, examples 36728, loss 0.0001, peak 1.82 GiB, reserved 2.01 GiB
Validation 4/4392 examples
Validation 404/4392 examples
Validation 804/4392 examples
Validation 1204/4392 examples
Validation 1604/4392 examples
Validation 2004/4392 examples
Validation 2404/4392 examples
Validation 2804/4392 examples
Validation 3204/4392 examples
Validation 3604/4392 examples
Validation 4004/4392 examples
Validation 4392/4392 examples
Saved epoch 2; held-out completion loss 0.0198
Epoch 3/3 step 2301, examples 36800, loss 0.0004, peak 1.82 GiB, reserved 2.01 GiB
Epoch 3/3 step 2306, examples 36880, loss 0.0046, peak 1.82 GiB, reserved 2.01 GiB
Epoch 3/3 step 2311, examples 36960, loss 0.0001, peak 1.82 GiB, reserved 2.01 GiB
Epoch 3/3 step 2316, examples 37040, loss 0.0001, peak 1.82 GiB, reserved 2.01 GiB
Epoch 3/3 step 2321, examples 37120, loss 0.0003, peak 1.82 GiB, reserved 2.01 GiB
Epoch 3/3 step 2326, examples 37200, loss 0.0001, peak 1.82 GiB, reserved 2.01 GiB
Epoch 3/3 step 2331, examples 37280, loss 0.0001, peak 1.82 GiB, reserved 2.01 GiB
Epoch 3/3 step 2336, examples 37360, loss 0.0000, peak 1.82 GiB, reserved 2.01 GiB
Epoch 3/3 step 2341, examples 37440, loss 0.0000, peak 1.82 GiB, reserved 2.01 GiB
Epoch 3/3 step 2346, examples 37520, loss 0.0001, peak 1.82 GiB, reserved 2.01 GiB
Epoch 3/3 step 2351, examples 37600, loss 0.0000, peak 1.82 GiB, reserved 2.01 GiB
Epoch 3/3 step 2356, examples 37680, loss 0.0032, peak 1.82 GiB, reserved 2.01 GiB
Epoch 3/3 step 2361, examples 37760, loss 0.0008, peak 1.82 GiB, reserved 2.01 GiB
Epoch 3/3 step 2366, examples 37840, loss 0.0028, peak 1.82 GiB, reserved 2.01 GiB
Epoch 3/3 step 2371, examples 37920, loss 0.0000, peak 1.82 GiB, reserved 2.01 GiB
Epoch 3/3 step 2376, examples 38000, loss 0.0000, peak 1.82 GiB, reserved 2.01 GiB
Epoch 3/3 step 2381, examples 38080, loss 0.0000, peak 1.82 GiB, reserved 2.01 GiB
Epoch 3/3 step 2386, examples 38160, loss 0.0000, peak 1.82 GiB, reserved 2.01 GiB
Epoch 3/3 step 2391, examples 38240, loss 0.0000, peak 1.82 GiB, reserved 2.01 GiB
Epoch 3/3 step 2396, examples 38320, loss 0.0028, peak 1.82 GiB, reserved 2.01 GiB
Epoch 3/3 step 2401, examples 38400, loss 0.0001, peak 1.82 GiB, reserved 2.01 GiB
Epoch 3/3 step 2406, examples 38480, loss 0.0000, peak 1.82 GiB, reserved 2.01 GiB
Epoch 3/3 step 2411, examples 38560, loss 0.0000, peak 1.82 GiB, reserved 2.01 GiB
Epoch 3/3 step 2416, examples 38640, loss 0.0000, peak 1.82 GiB, reserved 2.01 GiB
Epoch 3/3 step 2421, examples 38720, loss 0.0000, peak 1.82 GiB, reserved 2.01 GiB
Epoch 3/3 step 2426, examples 38800, loss 0.0001, peak 1.82 GiB, reserved 2.01 GiB
Epoch 3/3 step 2431, examples 38880, loss 0.0000, peak 1.82 GiB, reserved 2.01 GiB
Epoch 3/3 step 2436, examples 38960, loss 0.0003, peak 1.82 GiB, reserved 2.01 GiB
Epoch 3/3 step 2441, examples 39040, loss 0.0002, peak 1.82 GiB, reserved 2.01 GiB
Epoch 3/3 step 2446, examples 39120, loss 0.0001, peak 1.82 GiB, reserved 2.01 GiB
Epoch 3/3 step 2451, examples 39200, loss 0.0001, peak 1.82 GiB, reserved 2.01 GiB
Epoch 3/3 step 2456, examples 39280, loss 0.0002, peak 1.82 GiB, reserved 2.01 GiB
Epoch 3/3 step 2461, examples 39360, loss 0.0000, peak 1.82 GiB, reserved 2.01 GiB
Epoch 3/3 step 2466, examples 39440, loss 0.0000, peak 1.82 GiB, reserved 2.01 GiB
Epoch 3/3 step 2471, examples 39520, loss 0.0000, peak 1.82 GiB, reserved 2.01 GiB
Epoch 3/3 step 2476, examples 39600, loss 0.0000, peak 1.82 GiB, reserved 2.01 GiB
Epoch 3/3 step 2481, examples 39680, loss 0.0002, peak 1.82 GiB, reserved 2.01 GiB
Epoch 3/3 step 2486, examples 39760, loss 0.0000, peak 1.82 GiB, reserved 2.01 GiB
Epoch 3/3 step 2491, examples 39840, loss 0.0002, peak 1.82 GiB, reserved 2.01 GiB
Epoch 3/3 step 2496, examples 39920, loss 0.0000, peak 1.82 GiB, reserved 2.01 GiB
Epoch 3/3 step 2501, examples 40000, loss 0.0001, peak 1.82 GiB, reserved 2.01 GiB
Epoch 3/3 step 2506, examples 40080, loss 0.0000, peak 1.82 GiB, reserved 2.01 GiB
Epoch 3/3 step 2511, examples 40160, loss 0.0019, peak 1.82 GiB, reserved 2.01 GiB
Epoch 3/3 step 2516, examples 40240, loss 0.0000, peak 1.82 GiB, reserved 2.01 GiB
Epoch 3/3 step 2521, examples 40320, loss 0.0019, peak 1.82 GiB, reserved 2.01 GiB
Epoch 3/3 step 2526, examples 40400, loss 0.0000, peak 1.82 GiB, reserved 2.01 GiB
Epoch 3/3 step 2531, examples 40480, loss 0.0010, peak 1.82 GiB, reserved 2.01 GiB
Epoch 3/3 step 2536, examples 40560, loss 0.0001, peak 1.82 GiB, reserved 2.01 GiB
Epoch 3/3 step 2541, examples 40640, loss 0.0001, peak 1.82 GiB, reserved 2.01 GiB
Epoch 3/3 step 2546, examples 40720, loss 0.0000, peak 1.82 GiB, reserved 2.01 GiB
Epoch 3/3 step 2551, examples 40800, loss 0.0001, peak 1.82 GiB, reserved 2.01 GiB
Epoch 3/3 step 2556, examples 40880, loss 0.0000, peak 1.82 GiB, reserved 2.01 GiB
Epoch 3/3 step 2561, examples 40960, loss 0.0000, peak 1.82 GiB, reserved 2.01 GiB
Epoch 3/3 step 2566, examples 41040, loss 0.0001, peak 1.82 GiB, reserved 2.01 GiB
Epoch 3/3 step 2571, examples 41120, loss 0.0000, peak 1.82 GiB, reserved 2.01 GiB
Epoch 3/3 step 2576, examples 41200, loss 0.0002, peak 1.82 GiB, reserved 2.01 GiB
Epoch 3/3 step 2581, examples 41280, loss 0.0000, peak 1.82 GiB, reserved 2.01 GiB
Epoch 3/3 step 2586, examples 41360, loss 0.0000, peak 1.82 GiB, reserved 2.01 GiB
Epoch 3/3 step 2591, examples 41440, loss 0.0003, peak 1.82 GiB, reserved 2.01 GiB
Epoch 3/3 step 2596, examples 41520, loss 0.0003, peak 1.82 GiB, reserved 2.01 GiB
Epoch 3/3 step 2601, examples 41600, loss 0.0001, peak 1.82 GiB, reserved 2.01 GiB
Epoch 3/3 step 2606, examples 41680, loss 0.0000, peak 1.82 GiB, reserved 2.01 GiB
Epoch 3/3 step 2611, examples 41760, loss 0.0000, peak 1.82 GiB, reserved 2.01 GiB
Epoch 3/3 step 2616, examples 41840, loss 0.0000, peak 1.82 GiB, reserved 2.01 GiB
Epoch 3/3 step 2621, examples 41920, loss 0.0007, peak 1.82 GiB, reserved 2.01 GiB
Epoch 3/3 step 2626, examples 42000, loss 0.0000, peak 1.82 GiB, reserved 2.01 GiB
Epoch 3/3 step 2631, examples 42080, loss 0.0000, peak 1.82 GiB, reserved 2.01 GiB
Epoch 3/3 step 2636, examples 42160, loss 0.0000, peak 1.82 GiB, reserved 2.01 GiB
Epoch 3/3 step 2641, examples 42240, loss 0.0000, peak 1.82 GiB, reserved 2.01 GiB
Epoch 3/3 step 2646, examples 42320, loss 0.0000, peak 1.82 GiB, reserved 2.01 GiB
Epoch 3/3 step 2651, examples 42400, loss 0.0000, peak 1.82 GiB, reserved 2.01 GiB
Epoch 3/3 step 2656, examples 42480, loss 0.0003, peak 1.82 GiB, reserved 2.01 GiB
Epoch 3/3 step 2661, examples 42560, loss 0.0000, peak 1.82 GiB, reserved 2.01 GiB
Epoch 3/3 step 2666, examples 42640, loss 0.0000, peak 1.82 GiB, reserved 2.01 GiB
Epoch 3/3 step 2671, examples 42720, loss 0.0001, peak 1.82 GiB, reserved 2.01 GiB
Epoch 3/3 step 2676, examples 42800, loss 0.0001, peak 1.82 GiB, reserved 2.01 GiB
Epoch 3/3 step 2681, examples 42880, loss 0.0028, peak 1.82 GiB, reserved 2.01 GiB
Epoch 3/3 step 2686, examples 42960, loss 0.0000, peak 1.82 GiB, reserved 2.01 GiB
Epoch 3/3 step 2691, examples 43040, loss 0.0001, peak 1.82 GiB, reserved 2.01 GiB
Epoch 3/3 step 2696, examples 43120, loss 0.0023, peak 1.82 GiB, reserved 2.01 GiB
Epoch 3/3 step 2701, examples 43200, loss 0.0000, peak 1.82 GiB, reserved 2.01 GiB
Epoch 3/3 step 2706, examples 43280, loss 0.0002, peak 1.82 GiB, reserved 2.01 GiB
Epoch 3/3 step 2711, examples 43360, loss 0.0000, peak 1.82 GiB, reserved 2.01 GiB
Epoch 3/3 step 2716, examples 43440, loss 0.0000, peak 1.82 GiB, reserved 2.01 GiB
Epoch 3/3 step 2721, examples 43520, loss 0.0001, peak 1.82 GiB, reserved 2.01 GiB
Epoch 3/3 step 2726, examples 43600, loss 0.0002, peak 1.82 GiB, reserved 2.01 GiB
Epoch 3/3 step 2731, examples 43680, loss 0.0000, peak 1.82 GiB, reserved 2.01 GiB
Epoch 3/3 step 2736, examples 43760, loss 0.0000, peak 1.82 GiB, reserved 2.01 GiB
Epoch 3/3 step 2741, examples 43840, loss 0.0000, peak 1.82 GiB, reserved 2.01 GiB
Epoch 3/3 step 2746, examples 43920, loss 0.0000, peak 1.82 GiB, reserved 2.01 GiB
Epoch 3/3 step 2751, examples 44000, loss 0.0004, peak 1.82 GiB, reserved 2.01 GiB
Epoch 3/3 step 2756, examples 44080, loss 0.0000, peak 1.82 GiB, reserved 2.01 GiB
Epoch 3/3 step 2761, examples 44160, loss 0.0001, peak 1.82 GiB, reserved 2.01 GiB
Epoch 3/3 step 2766, examples 44240, loss 0.0011, peak 1.82 GiB, reserved 2.01 GiB
Epoch 3/3 step 2771, examples 44320, loss 0.0004, peak 1.82 GiB, reserved 2.01 GiB
Epoch 3/3 step 2776, examples 44400, loss 0.0001, peak 1.82 GiB, reserved 2.01 GiB
Epoch 3/3 step 2781, examples 44480, loss 0.0000, peak 1.82 GiB, reserved 2.01 GiB
Epoch 3/3 step 2786, examples 44560, loss 0.0000, peak 1.82 GiB, reserved 2.01 GiB
Epoch 3/3 step 2791, examples 44640, loss 0.0000, peak 1.82 GiB, reserved 2.01 GiB
Epoch 3/3 step 2796, examples 44720, loss 0.0001, peak 1.82 GiB, reserved 2.01 GiB
Epoch 3/3 step 2801, examples 44800, loss 0.0000, peak 1.82 GiB, reserved 2.01 GiB
Epoch 3/3 step 2806, examples 44880, loss 0.0000, peak 1.82 GiB, reserved 2.01 GiB
Epoch 3/3 step 2811, examples 44960, loss 0.0001, peak 1.82 GiB, reserved 2.01 GiB
Epoch 3/3 step 2816, examples 45040, loss 0.0000, peak 1.82 GiB, reserved 2.01 GiB
Epoch 3/3 step 2821, examples 45120, loss 0.0000, peak 1.82 GiB, reserved 2.01 GiB
Epoch 3/3 step 2826, examples 45200, loss 0.0000, peak 1.82 GiB, reserved 2.01 GiB
Epoch 3/3 step 2831, examples 45280, loss 0.0000, peak 1.82 GiB, reserved 2.01 GiB
Epoch 3/3 step 2836, examples 45360, loss 0.0001, peak 1.82 GiB, reserved 2.01 GiB
Epoch 3/3 step 2841, examples 45440, loss 0.0000, peak 1.82 GiB, reserved 2.01 GiB
Epoch 3/3 step 2846, examples 45520, loss 0.0000, peak 1.82 GiB, reserved 2.01 GiB
Epoch 3/3 step 2851, examples 45600, loss 0.0001, peak 1.82 GiB, reserved 2.01 GiB
Epoch 3/3 step 2856, examples 45680, loss 0.0000, peak 1.82 GiB, reserved 2.01 GiB
Epoch 3/3 step 2861, examples 45760, loss 0.0000, peak 1.82 GiB, reserved 2.01 GiB
Epoch 3/3 step 2866, examples 45840, loss 0.0006, peak 1.82 GiB, reserved 2.01 GiB
Epoch 3/3 step 2871, examples 45920, loss 0.0000, peak 1.82 GiB, reserved 2.01 GiB
Epoch 3/3 step 2876, examples 46000, loss 0.0000, peak 1.82 GiB, reserved 2.01 GiB
Epoch 3/3 step 2881, examples 46080, loss 0.0001, peak 1.82 GiB, reserved 2.01 GiB
Epoch 3/3 step 2886, examples 46160, loss 0.0001, peak 1.82 GiB, reserved 2.01 GiB
Epoch 3/3 step 2891, examples 46240, loss 0.0001, peak 1.82 GiB, reserved 2.01 GiB
Epoch 3/3 step 2896, examples 46320, loss 0.0000, peak 1.82 GiB, reserved 2.01 GiB
Epoch 3/3 step 2901, examples 46400, loss 0.0001, peak 1.82 GiB, reserved 2.01 GiB
Epoch 3/3 step 2906, examples 46480, loss 0.0000, peak 1.82 GiB, reserved 2.01 GiB
Epoch 3/3 step 2911, examples 46560, loss 0.0002, peak 1.82 GiB, reserved 2.01 GiB
Epoch 3/3 step 2916, examples 46640, loss 0.0000, peak 1.82 GiB, reserved 2.01 GiB
Epoch 3/3 step 2921, examples 46720, loss 0.0000, peak 1.82 GiB, reserved 2.01 GiB
Epoch 3/3 step 2926, examples 46800, loss 0.0001, peak 1.82 GiB, reserved 2.01 GiB
Epoch 3/3 step 2931, examples 46880, loss 0.0003, peak 1.82 GiB, reserved 2.01 GiB
Epoch 3/3 step 2936, examples 46960, loss 0.0000, peak 1.82 GiB, reserved 2.01 GiB
Epoch 3/3 step 2941, examples 47040, loss 0.0001, peak 1.82 GiB, reserved 2.01 GiB
Epoch 3/3 step 2946, examples 47120, loss 0.0000, peak 1.82 GiB, reserved 2.01 GiB
Epoch 3/3 step 2951, examples 47200, loss 0.0013, peak 1.82 GiB, reserved 2.01 GiB
Epoch 3/3 step 2956, examples 47280, loss 0.0000, peak 1.82 GiB, reserved 2.01 GiB
Epoch 3/3 step 2961, examples 47360, loss 0.0000, peak 1.82 GiB, reserved 2.01 GiB
Epoch 3/3 step 2966, examples 47440, loss 0.0000, peak 1.82 GiB, reserved 2.01 GiB
Epoch 3/3 step 2971, examples 47520, loss 0.0000, peak 1.82 GiB, reserved 2.01 GiB
Epoch 3/3 step 2976, examples 47600, loss 0.0001, peak 1.82 GiB, reserved 2.01 GiB
Epoch 3/3 step 2981, examples 47680, loss 0.0001, peak 1.82 GiB, reserved 2.01 GiB
Epoch 3/3 step 2986, examples 47760, loss 0.0000, peak 1.82 GiB, reserved 2.01 GiB
Epoch 3/3 step 2991, examples 47840, loss 0.0001, peak 1.82 GiB, reserved 2.01 GiB
Epoch 3/3 step 2996, examples 47920, loss 0.0000, peak 1.82 GiB, reserved 2.01 GiB
Epoch 3/3 step 3001, examples 48000, loss 0.0011, peak 1.82 GiB, reserved 2.01 GiB
Epoch 3/3 step 3006, examples 48080, loss 0.0000, peak 1.82 GiB, reserved 2.01 GiB
Epoch 3/3 step 3011, examples 48160, loss 0.0000, peak 1.82 GiB, reserved 2.01 GiB
Epoch 3/3 step 3016, examples 48240, loss 0.0001, peak 1.82 GiB, reserved 2.01 GiB
Epoch 3/3 step 3021, examples 48320, loss 0.0000, peak 1.82 GiB, reserved 2.01 GiB
Epoch 3/3 step 3026, examples 48400, loss 0.0000, peak 1.82 GiB, reserved 2.01 GiB
Epoch 3/3 step 3031, examples 48480, loss 0.0001, peak 1.82 GiB, reserved 2.01 GiB
Epoch 3/3 step 3036, examples 48560, loss 0.0000, peak 1.82 GiB, reserved 2.01 GiB
Epoch 3/3 step 3041, examples 48640, loss 0.0000, peak 1.82 GiB, reserved 2.01 GiB
Epoch 3/3 step 3046, examples 48720, loss 0.0000, peak 1.82 GiB, reserved 2.01 GiB
Epoch 3/3 step 3051, examples 48800, loss 0.0014, peak 1.82 GiB, reserved 2.01 GiB
Epoch 3/3 step 3056, examples 48880, loss 0.0001, peak 1.82 GiB, reserved 2.01 GiB
Epoch 3/3 step 3061, examples 48960, loss 0.0000, peak 1.82 GiB, reserved 2.01 GiB
Epoch 3/3 step 3066, examples 49040, loss 0.0001, peak 1.82 GiB, reserved 2.01 GiB
Epoch 3/3 step 3071, examples 49120, loss 0.0004, peak 1.82 GiB, reserved 2.01 GiB
Epoch 3/3 step 3076, examples 49200, loss 0.0000, peak 1.82 GiB, reserved 2.01 GiB
Epoch 3/3 step 3081, examples 49280, loss 0.0002, peak 1.82 GiB, reserved 2.01 GiB
Epoch 3/3 step 3086, examples 49360, loss 0.0000, peak 1.82 GiB, reserved 2.01 GiB
Epoch 3/3 step 3091, examples 49440, loss 0.0000, peak 1.82 GiB, reserved 2.01 GiB
Epoch 3/3 step 3096, examples 49520, loss 0.0000, peak 1.82 GiB, reserved 2.01 GiB
Epoch 3/3 step 3101, examples 49600, loss 0.0001, peak 1.82 GiB, reserved 2.01 GiB
Epoch 3/3 step 3106, examples 49680, loss 0.0000, peak 1.82 GiB, reserved 2.01 GiB
Epoch 3/3 step 3111, examples 49760, loss 0.0001, peak 1.82 GiB, reserved 2.01 GiB
Epoch 3/3 step 3116, examples 49840, loss 0.0000, peak 1.82 GiB, reserved 2.01 GiB
Epoch 3/3 step 3121, examples 49920, loss 0.0001, peak 1.82 GiB, reserved 2.01 GiB
Epoch 3/3 step 3126, examples 50000, loss 0.0001, peak 1.82 GiB, reserved 2.01 GiB
Epoch 3/3 step 3131, examples 50080, loss 0.0000, peak 1.82 GiB, reserved 2.01 GiB
Epoch 3/3 step 3136, examples 50160, loss 0.0000, peak 1.82 GiB, reserved 2.01 GiB
Epoch 3/3 step 3141, examples 50240, loss 0.0000, peak 1.82 GiB, reserved 2.01 GiB
Epoch 3/3 step 3146, examples 50320, loss 0.0000, peak 1.82 GiB, reserved 2.01 GiB
Epoch 3/3 step 3151, examples 50400, loss 0.0001, peak 1.82 GiB, reserved 2.01 GiB
Epoch 3/3 step 3156, examples 50480, loss 0.0011, peak 1.82 GiB, reserved 2.01 GiB
Epoch 3/3 step 3161, examples 50560, loss 0.0000, peak 1.82 GiB, reserved 2.01 GiB
Epoch 3/3 step 3166, examples 50640, loss 0.0000, peak 1.82 GiB, reserved 2.01 GiB
Epoch 3/3 step 3171, examples 50720, loss 0.0000, peak 1.82 GiB, reserved 2.01 GiB
Epoch 3/3 step 3176, examples 50800, loss 0.0000, peak 1.82 GiB, reserved 2.01 GiB
Epoch 3/3 step 3181, examples 50880, loss 0.0012, peak 1.82 GiB, reserved 2.01 GiB
Epoch 3/3 step 3186, examples 50960, loss 0.0002, peak 1.82 GiB, reserved 2.01 GiB
Epoch 3/3 step 3191, examples 51040, loss 0.0055, peak 1.82 GiB, reserved 2.01 GiB
Epoch 3/3 step 3196, examples 51120, loss 0.0001, peak 1.82 GiB, reserved 2.01 GiB
Epoch 3/3 step 3201, examples 51200, loss 0.0005, peak 1.82 GiB, reserved 2.01 GiB
Epoch 3/3 step 3206, examples 51280, loss 0.0034, peak 1.82 GiB, reserved 2.01 GiB
Epoch 3/3 step 3211, examples 51360, loss 0.0000, peak 1.82 GiB, reserved 2.01 GiB
Epoch 3/3 step 3216, examples 51440, loss 0.0001, peak 1.82 GiB, reserved 2.01 GiB
Epoch 3/3 step 3221, examples 51520, loss 0.0010, peak 1.82 GiB, reserved 2.01 GiB
Epoch 3/3 step 3226, examples 51600, loss 0.0054, peak 1.82 GiB, reserved 2.01 GiB
Epoch 3/3 step 3231, examples 51680, loss 0.0000, peak 1.82 GiB, reserved 2.01 GiB
Epoch 3/3 step 3236, examples 51760, loss 0.0008, peak 1.82 GiB, reserved 2.01 GiB
Epoch 3/3 step 3241, examples 51840, loss 0.0000, peak 1.82 GiB, reserved 2.01 GiB
Epoch 3/3 step 3246, examples 51920, loss 0.0001, peak 1.82 GiB, reserved 2.01 GiB
Epoch 3/3 step 3251, examples 52000, loss 0.0000, peak 1.82 GiB, reserved 2.01 GiB
Epoch 3/3 step 3256, examples 52080, loss 0.0005, peak 1.82 GiB, reserved 2.01 GiB
Epoch 3/3 step 3261, examples 52160, loss 0.0001, peak 1.82 GiB, reserved 2.01 GiB
Epoch 3/3 step 3266, examples 52240, loss 0.0001, peak 1.82 GiB, reserved 2.01 GiB
Epoch 3/3 step 3271, examples 52320, loss 0.0000, peak 1.82 GiB, reserved 2.01 GiB
Epoch 3/3 step 3276, examples 52400, loss 0.0003, peak 1.82 GiB, reserved 2.01 GiB
Epoch 3/3 step 3281, examples 52480, loss 0.0001, peak 1.82 GiB, reserved 2.01 GiB
Epoch 3/3 step 3286, examples 52560, loss 0.0000, peak 1.82 GiB, reserved 2.01 GiB
Epoch 3/3 step 3291, examples 52640, loss 0.0000, peak 1.82 GiB, reserved 2.01 GiB
Epoch 3/3 step 3296, examples 52720, loss 0.0000, peak 1.82 GiB, reserved 2.01 GiB
Epoch 3/3 step 3301, examples 52800, loss 0.0001, peak 1.82 GiB, reserved 2.01 GiB
Epoch 3/3 step 3306, examples 52880, loss 0.0001, peak 1.82 GiB, reserved 2.01 GiB
Epoch 3/3 step 3311, examples 52960, loss 0.0000, peak 1.82 GiB, reserved 2.01 GiB
Epoch 3/3 step 3316, examples 53040, loss 0.0001, peak 1.82 GiB, reserved 2.01 GiB
Epoch 3/3 step 3321, examples 53120, loss 0.0000, peak 1.82 GiB, reserved 2.01 GiB
Epoch 3/3 step 3326, examples 53200, loss 0.0000, peak 1.82 GiB, reserved 2.01 GiB
Epoch 3/3 step 3331, examples 53280, loss 0.0000, peak 1.82 GiB, reserved 2.01 GiB
Epoch 3/3 step 3336, examples 53360, loss 0.0001, peak 1.82 GiB, reserved 2.01 GiB
Epoch 3/3 step 3341, examples 53440, loss 0.0002, peak 1.82 GiB, reserved 2.01 GiB
Epoch 3/3 step 3346, examples 53520, loss 0.0000, peak 1.82 GiB, reserved 2.01 GiB
Epoch 3/3 step 3351, examples 53600, loss 0.0000, peak 1.82 GiB, reserved 2.01 GiB
Epoch 3/3 step 3356, examples 53680, loss 0.0000, peak 1.82 GiB, reserved 2.01 GiB
Epoch 3/3 step 3361, examples 53760, loss 0.0000, peak 1.82 GiB, reserved 2.01 GiB
Epoch 3/3 step 3366, examples 53840, loss 0.0001, peak 1.82 GiB, reserved 2.01 GiB
Epoch 3/3 step 3371, examples 53920, loss 0.0001, peak 1.82 GiB, reserved 2.01 GiB
Epoch 3/3 step 3376, examples 54000, loss 0.0003, peak 1.82 GiB, reserved 2.01 GiB
Epoch 3/3 step 3381, examples 54080, loss 0.0001, peak 1.82 GiB, reserved 2.01 GiB
Epoch 3/3 step 3386, examples 54160, loss 0.0000, peak 1.82 GiB, reserved 2.01 GiB
Epoch 3/3 step 3391, examples 54240, loss 0.0008, peak 1.82 GiB, reserved 2.01 GiB
Epoch 3/3 step 3396, examples 54320, loss 0.0000, peak 1.82 GiB, reserved 2.01 GiB
Epoch 3/3 step 3401, examples 54400, loss 0.0000, peak 1.82 GiB, reserved 2.01 GiB
Epoch 3/3 step 3406, examples 54480, loss 0.0001, peak 1.82 GiB, reserved 2.01 GiB
Epoch 3/3 step 3411, examples 54560, loss 0.0001, peak 1.82 GiB, reserved 2.01 GiB
Epoch 3/3 step 3416, examples 54640, loss 0.0001, peak 1.82 GiB, reserved 2.01 GiB
Epoch 3/3 step 3421, examples 54720, loss 0.0001, peak 1.82 GiB, reserved 2.01 GiB
Epoch 3/3 step 3426, examples 54800, loss 0.0002, peak 1.82 GiB, reserved 2.01 GiB
Epoch 3/3 step 3431, examples 54880, loss 0.0009, peak 1.82 GiB, reserved 2.01 GiB
Epoch 3/3 step 3436, examples 54960, loss 0.0001, peak 1.82 GiB, reserved 2.01 GiB
Epoch 3/3 step 3441, examples 55040, loss 0.0000, peak 1.82 GiB, reserved 2.01 GiB
Epoch 3/3 step 3446, examples 55120, loss 0.0000, peak 1.82 GiB, reserved 2.01 GiB
Validation 4/4392 examples
Validation 404/4392 examples
Validation 804/4392 examples
Validation 1204/4392 examples
Validation 1604/4392 examples
Validation 2004/4392 examples
Validation 2404/4392 examples
Validation 2804/4392 examples
Validation 3204/4392 examples
Validation 3604/4392 examples
Validation 4004/4392 examples
Validation 4392/4392 examples
Saved epoch 3; held-out completion loss 0.0195
